
> react-tailwind-css-starter-pack@0.1.0 build
> react-scripts build

Creating an optimized production build...
node.exe : Browserslist: caniuse-lite is outdated. Please run:
At line:1 char:1
+ & "C:\Program Files\nodejs/node.exe" 
"C:\Users\manid\AppData\Roaming\ ...
+ ~~~~~~~~~~~~~~~~~~~~~~~~~~~~~~~~~~~~~~~~~~~~~~~~~~~~~~~~~~~~~~~~~
~~~~
    + CategoryInfo          : NotSpecified: (Browserslist: c...ed. 
    Please run::String) [], RemoteException
    + FullyQualifiedErrorId : NativeCommandError
 
  npx update-browserslist-db@latest
  Why you should do it regularly: 
https://github.com/browserslist/update-db#readme
Browserslist: caniuse-lite is outdated. Please run:
  npx update-browserslist-db@latest
  Why you should do it regularly: 
https://github.com/browserslist/update-db#readme

Treating warnings as errors because process.env.CI = true.
Most CI servers set it automatically.

Failed to compile.

[eslint] 
src\Components\core\Dashboard\AddCourse\CourseBuilder\Upload.jsx
  Line 19:11:  'course' is assigned a value but never used  no-unused-vars

src\Components\core\Dashboard\AddCourse\CourseInformation\ChipInput.jsx
  Line 24:8:  React Hook useEffect has missing dependencies: 'course?.tag', 'editCourse', 'name', 'register', and 'setValue'. Either include them or remove the dependency array. If 'register' changes too often, find the parent component that defines it and wrap that definition in useCallback  react-hooks/exhaustive-deps

src\Components\core\Dashboard\AddCourse\CourseInformation\CourseInformationForm.jsx
  Line 54:8:  React Hook useEffect has missing dependencies: 'course.category', 'course.courseDescription', 'course.courseName', 'course.instructions', 'course.price', 'course.tag', 'course.thumbnail', 'course.whatYouWillLearn', 'editCourse', and 'setValue'. Either include them or remove the dependency array  react-hooks/exhaustive-deps

src\Components\core\Dashboard\AddCourse\CourseInformation\RequirementField.jsx
  Line 18:8:  React Hook useEffect has missing dependencies: 'name' and 'register'. Either include them or remove the dependency array. If 'register' changes too often, find the parent component that defines it and wrap that definition in useCallback                                         react-hooks/exhaustive-deps
  Line 27:8:  React Hook useEffect has missing dependencies: 'course?.instructions', 'editCourse', 'name', and 'setValue'. Either include them or remove the dependency array. If 'setValue' changes too often, find the parent component that defines it and wrap that definition in useCallback  react-hooks/exhaustive-deps

src\Components\core\Dashboard\AddCourse\CourseInformation\Upload.jsx
  Line 30:6:  React Hook useEffect has missing dependencies: 'course?.thumbnail' and 'editCourse'. Either include them or remove the dependency array  react-hooks/exhaustive-deps

src\Components\core\Dashboard\EditCourse.jsx\EditCourse.jsx
  Line 33:8:  React Hook useEffect has missing dependencies: 'course', 'courseId', 'dispatch', and 'token'. Either include them or remove the dependency array  react-hooks/exhaustive-deps

src\Components\core\Dashboard\EnrolledCourses.jsx
  Line 40:8:  React Hook useEffect has a missing dependency: 'getEnrolledCourses'. Either include it or remove the dependency array  react-hooks/exhaustive-deps

src\Components\core\Dashboard\InstructorDashboard\InstructorDashboard.jsx
  Line 32:8:  React Hook useEffect has missing dependencies: 'dispatch' and 'token'. Either include them or remove the dependency array  react-hooks/exhaustive-deps

src\Components\core\Dashboard\MyCourses\CoursesTable.jsx
  Line 1:10:  'useDispatch' is defined but never used  no-unused-vars

src\Components\core\Dashboard\MyCourses\MyCourses.jsx
  Line 21:7:  React Hook useEffect has a missing dependency: 'fetchedCourses'. Either include it or remove the dependency array  react-hooks/exhaustive-deps

src\Components\core\Dashboard\MyProfile.jsx
  Line 5:9:  'FiEdit' is defined but never used  no-unused-vars

src\Components\core\Dashboard\PublishCourse\PublishCourse.jsx
  Line 6:10:   'setCourse' is defined but never used                                                                                               no-unused-vars
  Line 14:69:  'errors' is assigned a value but never used                                                                                         no-unused-vars
  Line 25:7:   React Hook useEffect has missing dependencies: 'course?.status' and 'setValue'. Either include them or remove the dependency array  react-hooks/exhaustive-deps

src\Components\core\Dashboard\Settings.jsx
  Line 118:13:  img elements must have an alt prop, either with meaningful text, or an empty string for decorative images  jsx-a11y/alt-text

src\Components\core\Dashboard\Sidebar.jsx
  Line 10:10:  'setCourse' is defined but never used  no-unused-vars
  Line 10:21:  'setStep' is defined but never used    no-unused-vars

src\Components\core\HomePage\TimelineSection.jsx
  Line 44:33:  img elements must have an alt prop, either with meaningful text, or an empty string for decorative images  jsx-a11y/alt-text

src\Components\core\Ratings\RatingSlider.jsx
  Line 8:8:    'Skeleton' is defined but never used          no-unused-vars
  Line 8:20:   'SkeletonTheme' is defined but never used     no-unused-vars
  Line 17:10:  'Loading' is assigned a value but never used  no-unused-vars

src\Components\core\ViewCourse\ReviewModal.jsx
  Line 27:4:  React Hook useEffect has a missing dependency: 'setValue'. Either include it or remove the dependency array  react-hooks/exhaustive-deps

src\Components\core\ViewCourse\VideoDetails.jsx
  Line 25:29:   'courseEntireData' is assigned a value but never used   no-unused-vars
  Line 25:66:   'totalNoOfLectures' is assigned a value but never used  no-unused-vars
  Line 31:10:   'loading' is assigned a value but never used            no-unused-vars
  Line 31:19:   'setLoading' is assigned a value but never used         no-unused-vars
  Line 106:11:  'res' is assigned a value but never used                no-unused-vars

src\Components\core\ViewCourse\VideoDetailsSidebar.jsx
  Line 13:10:  'activeStatus' is assigned a value but never used      no-unused-vars
  Line 17:29:  'courseEntireData' is assigned a value but never used  no-unused-vars

src\data\dashboard-links.js
  Line 39:5:  Duplicate key 'id'  no-dupe-keys

src\pages\About.jsx
  Line 11:8:   'Footer' is defined but never used                                                                         no-unused-vars
  Line 27:17:  img elements must have an alt prop, either with meaningful text, or an empty string for decorative images  jsx-a11y/alt-text
  Line 28:17:  img elements must have an alt prop, either with meaningful text, or an empty string for decorative images  jsx-a11y/alt-text
  Line 29:17:  img elements must have an alt prop, either with meaningful text, or an empty string for decorative images  jsx-a11y/alt-text
  Line 60:21:  img elements must have an alt prop, either with meaningful text, or an empty string for decorative images  jsx-a11y/alt-text

src\pages\Catalog.jsx
  Line 37:4:  React Hook useEffect has a missing dependency: 'fetchSublinks'. Either include it or remove the dependency array  react-hooks/exhaustive-deps
  Line 50:4:  React Hook useEffect has a missing dependency: 'dispatch'. Either include it or remove the dependency array       react-hooks/exhaustive-deps


